sdl;afjkl : 1
sdl;afjkl : 1
sdl;afjkl : 1
sdl;afjkl : 1
sdl;afjkl : 1
cat : 1
cat : 1
cat : 1
cat : 1
cat : 1
